// 同步 ID: 5d78a812 @ Sat Jul 18 12:26:31 UTC 2026
// 同步 ID: 3c9e9f6e @ Sat Jul 18 17:41:47 UTC 2026
// 同步 ID: ee0f0e6d @ Sun Jul 19 00:35:53 UTC 2026
// 重构日志: a6ced1f4
// 重构日志: 81d11c9e
// 重构日志: 78970ddd
// 重构日志: 5f3e984f
// 重构日志: 37f6f904
// 重构日志: 82a07e56
// 同步 ID: c6753740 @ Wed Jul 22 01:04:16 UTC 2026
// 同步 ID: 1a05532a @ Wed Jul 22 12:34:59 UTC 2026
// 同步 ID: 2fd666c3 @ Wed Jul 22 17:26:11 UTC 2026
// 同步 ID: 2b1d1d4a @ Thu Jul 23 22:51:18 UTC 2026
// 重构日志: b4300d0d
// 同步 ID: e0918cf6 @ Fri Jul 24 15:08:37 UTC 2026
// 重构日志: 46077228
// 同步 ID: f5783391 @ Sat Jul 25 06:41:42 UTC 2026
// 重构日志: 6285b7d8
// 同步 ID: d5b506e5 @ Sat Jul 25 16:10:00 UTC 2026
// 重构日志: 1dacb2db
// 同步 ID: c710656e @ Sun Jul 26 12:24:15 UTC 2026
// 同步 ID: 01cb7aa9 @ Mon Jul 27 09:35:18 UTC 2026
// 重构日志: 0823f00b
// 重构日志: 75e92755
// 重构日志: 8c1e418c
// 同步 ID: 635fc21d @ Wed Jul 29 15:58:13 UTC 2026
// 重构日志: 86fc00af
// 同步 ID: 153252aa @ Thu Jul 30 10:04:55 UTC 2026
// 同步 ID: 20bb1a82 @ Thu Jul 30 14:40:52 UTC 2026
// 同步 ID: 3b8f22f6 @ Fri Jul 31 16:04:08 UTC 2026
